.puissance
resn 1
push 1
dup
set 2
drop
.loop1
get 1
push 0
cmpne
jumpf if3
get 2
get 0
mul
dup
set 2
drop
get 1
push 1
sub
dup
set 1
drop
jump if4
.if3
jump loop2
.if4
jump loop1
.loop2
push 1
ret
.free
resn 0
push 0
ret
.printsub
resn 2
get 0
push 0
cmpeq
jumpf if5
push 0
ret
jump if6
.if5
.if6
get 0
push 10
div
dup
set 1
drop
get 0
push 10
mod
dup
set 2
drop
prep printsub
get 1
call 1
drop
get 2
push 48
add
send
.print
resn 0
get 0
push 0
cmplt
jumpf if7
push 45
send
push 0
get 0
sub
dup
set 0
drop
jump if8
.if7
.if8
get 0
push 0
cmpeq
jumpf if9
push 48
send
jump if10
.if9
prep printsub
get 0
call 1
drop
.if10
.malloc
resn 1
push 0
read
dup
set 1
drop
push 0
push 0
read
get 0
add
write
push 0
drop
get 1
ret
.main
resn 2
push 5
dup
set 0
drop
push 3
dup
set 1
drop
get 0
get 1
mul
dbg
push 0
ret
.start
prep main
call 0
halt
.puissance
resn 1
push 1
dup
set 2
drop
.loop11
get 1
push 0
cmpne
jumpf if13
get 2
get 0
mul
dup
set 2
drop
get 1
push 1
sub
dup
set 1
drop
jump if14
.if13
jump loop12
.if14
jump loop11
.loop12
push 1
ret
.free
resn 0
push 0
ret
.printsub
resn 2
get 0
push 0
cmpeq
jumpf if15
push 0
ret
jump if16
.if15
.if16
get 0
push 10
div
dup
set 1
drop
get 0
push 10
mod
dup
set 2
drop
prep printsub
get 1
call 1
drop
get 2
push 48
add
send
.print
resn 0
get 0
push 0
cmplt
jumpf if17
push 45
send
push 0
get 0
sub
dup
set 0
drop
jump if18
.if17
.if18
get 0
push 0
cmpeq
jumpf if19
push 48
send
jump if20
.if19
prep printsub
get 0
call 1
drop
.if20
.malloc
resn 1
push 0
read
dup
set 1
drop
push 0
push 0
read
get 0
add
write
push 0
drop
get 1
ret
.main
resn 2
push 5
dup
set 0
drop
push 3
dup
set 1
drop
get 0
get 1
add
dbg
push 0
ret
.start
prep main
call 0
halt
.puissance
resn 1
push 1
dup
set 2
drop
.loop21
get 1
push 0
cmpne
jumpf if23
get 2
get 0
mul
dup
set 2
drop
get 1
push 1
sub
dup
set 1
drop
jump if24
.if23
jump loop22
.if24
jump loop21
.loop22
push 1
ret
.free
resn 0
push 0
ret
.printsub
resn 2
get 0
push 0
cmpeq
jumpf if25
push 0
ret
jump if26
.if25
.if26
get 0
push 10
div
dup
set 1
drop
get 0
push 10
mod
dup
set 2
drop
prep printsub
get 1
call 1
drop
get 2
push 48
add
send
.print
resn 0
get 0
push 0
cmplt
jumpf if27
push 45
send
push 0
get 0
sub
dup
set 0
drop
jump if28
.if27
.if28
get 0
push 0
cmpeq
jumpf if29
push 48
send
jump if30
.if29
prep printsub
get 0
call 1
drop
.if30
.malloc
resn 1
push 0
read
dup
set 1
drop
push 0
push 0
read
get 0
add
write
push 0
drop
get 1
ret
.main
resn 2
push 5
dup
set 0
drop
push 6
dup
set 1
drop
get 0
get 1
sub
dbg
push 0
ret
.start
prep main
call 0
halt
.puissance
resn 1
push 1
dup
set 2
drop
.loop31
get 1
push 0
cmpne
jumpf if33
get 2
get 0
mul
dup
set 2
drop
get 1
push 1
sub
dup
set 1
drop
jump if34
.if33
jump loop32
.if34
jump loop31
.loop32
push 1
ret
.free
resn 0
push 0
ret
.printsub
resn 2
get 0
push 0
cmpeq
jumpf if35
push 0
ret
jump if36
.if35
.if36
get 0
push 10
div
dup
set 1
drop
get 0
push 10
mod
dup
set 2
drop
prep printsub
get 1
call 1
drop
get 2
push 48
add
send
.print
resn 0
get 0
push 0
cmplt
jumpf if37
push 45
send
push 0
get 0
sub
dup
set 0
drop
jump if38
.if37
.if38
get 0
push 0
cmpeq
jumpf if39
push 48
send
jump if40
.if39
prep printsub
get 0
call 1
drop
.if40
.malloc
resn 1
push 0
read
dup
set 1
drop
push 0
push 0
read
get 0
add
write
push 0
drop
get 1
ret
.main
resn 2
push 30
dup
set 0
drop
push 5
dup
set 1
drop
get 0
get 1
div
dbg
push 0
ret
.start
prep main
call 0
halt
.puissance
resn 1
push 1
dup
set 2
drop
.loop41
get 1
push 0
cmpne
jumpf if43
get 2
get 0
mul
dup
set 2
drop
get 1
push 1
sub
dup
set 1
drop
jump if44
.if43
jump loop42
.if44
jump loop41
.loop42
push 1
ret
.free
resn 0
push 0
ret
.printsub
resn 2
get 0
push 0
cmpeq
jumpf if45
push 0
ret
jump if46
.if45
.if46
get 0
push 10
div
dup
set 1
drop
get 0
push 10
mod
dup
set 2
drop
prep printsub
get 1
call 1
drop
get 2
push 48
add
send
.print
resn 0
get 0
push 0
cmplt
jumpf if47
push 45
send
push 0
get 0
sub
dup
set 0
drop
jump if48
.if47
.if48
get 0
push 0
cmpeq
jumpf if49
push 48
send
jump if50
.if49
prep printsub
get 0
call 1
drop
.if50
.malloc
resn 1
push 0
read
dup
set 1
drop
push 0
push 0
read
get 0
add
write
push 0
drop
get 1
ret
.main
resn 2
push 10
dup
set 0
drop
push 3
dup
set 1
drop
get 0
get 1
mod
dbg
push 0
ret
.start
prep main
call 0
halt
.puissance
resn 1
push 1
dup
set 2
drop
.loop51
get 1
push 0
cmpne
jumpf if53
get 2
get 0
mul
dup
set 2
drop
get 1
push 1
sub
dup
set 1
drop
jump if54
.if53
jump loop52
.if54
jump loop51
.loop52
push 1
ret
.free
resn 0
push 0
ret
.printsub
resn 2
get 0
push 0
cmpeq
jumpf if55
push 0
ret
jump if56
.if55
.if56
get 0
push 10
div
dup
set 1
drop
get 0
push 10
mod
dup
set 2
drop
prep printsub
get 1
call 1
drop
get 2
push 48
add
send
.print
resn 0
get 0
push 0
cmplt
jumpf if57
push 45
send
push 0
get 0
sub
dup
set 0
drop
jump if58
.if57
.if58
get 0
push 0
cmpeq
jumpf if59
push 48
send
jump if60
.if59
prep printsub
get 0
call 1
drop
.if60
.malloc
resn 1
push 0
read
dup
set 1
drop
push 0
push 0
read
get 0
add
write
push 0
drop
get 1
ret
.boucleFunction
resn 0
.loop61
get 0
push 5
cmplt
jumpf if63
get 0
push 1
add
dup
set 0
drop
get 0
dbg
jump if64
.if63
jump loop62
.if64
jump loop61
.loop62
get 0
ret
.main
resn 1
push 0
dup
set 0
drop
prep boucleFunction
get 0
call 1
ret
.start
prep main
call 0
halt
