.puissance
resn 1
push 1
dup
set 2
drop
.loop31
get 1
push 0
cmpne
jumpf if33
get 2
get 0
mul
dup
set 2
drop
get 1
push 1
sub
dup
set 1
drop
jump if34
.if33
jump loop32
.if34
jump loop31
.loop32
push 1
ret
.free
resn 0
push 0
ret
.printsub
resn 2
get 0
push 0
cmpeq
jumpf if35
push 0
ret
jump if36
.if35
.if36
get 0
push 10
div
dup
set 1
drop
get 0
push 10
mod
dup
set 2
drop
prep printsub
get 1
call 1
drop
get 2
push 48
add
send
.print
resn 0
get 0
push 0
cmplt
jumpf if37
push 45
send
push 0
get 0
sub
dup
set 0
drop
jump if38
.if37
.if38
get 0
push 0
cmpeq
jumpf if39
push 48
send
jump if40
.if39
prep printsub
get 0
call 1
drop
.if40
.malloc
resn 1
push 0
read
dup
set 1
drop
push 0
push 0
read
get 0
add
write
push 0
drop
get 1
ret
.main
resn 2
push 30
dup
set 0
drop
push 5
dup
set 1
drop
get 0
get 1
div
dbg
push 0
ret
.start
prep main
call 0
halt
