.puissance
resn 1
push 1
dup
set 2
drop
.loop41
get 1
push 0
cmpne
jumpf if43
get 2
get 0
mul
dup
set 2
drop
get 1
push 1
sub
dup
set 1
drop
jump if44
.if43
jump loop42
.if44
jump loop41
.loop42
push 1
ret
.free
resn 0
push 0
ret
.printsub
resn 2
get 0
push 0
cmpeq
jumpf if45
push 0
ret
jump if46
.if45
.if46
get 0
push 10
div
dup
set 1
drop
get 0
push 10
mod
dup
set 2
drop
prep printsub
get 1
call 1
drop
get 2
push 48
add
send
.print
resn 0
get 0
push 0
cmplt
jumpf if47
push 45
send
push 0
get 0
sub
dup
set 0
drop
jump if48
.if47
.if48
get 0
push 0
cmpeq
jumpf if49
push 48
send
jump if50
.if49
prep printsub
get 0
call 1
drop
.if50
.malloc
resn 1
push 0
read
dup
set 1
drop
push 0
push 0
read
get 0
add
write
push 0
drop
get 1
ret
.main
resn 2
push 10
dup
set 0
drop
push 3
dup
set 1
drop
get 0
get 1
mod
dbg
push 0
ret
.start
prep main
call 0
halt
