.puissance
resn 1
push 1
dup
set 2
drop
.loop1
get 1
push 0
cmpne
jumpf if3
get 2
get 0
mul
dup
set 2
drop
get 1
push 1
sub
dup
set 1
drop
jump if4
.if3
jump loop2
.if4
jump loop1
.loop2
push 1
ret
.free
resn 0
push 0
ret
.printsub
resn 2
get 0
push 0
cmpeq
jumpf if5
push 0
ret
jump if6
.if5
.if6
get 0
push 10
div
dup
set 1
drop
get 0
push 10
mod
dup
set 2
drop
prep printsub
get 1
call 1
drop
get 2
push 48
add
send
.print
resn 0
get 0
push 0
cmplt
jumpf if7
push 45
send
push 0
get 0
sub
dup
set 0
drop
jump if8
.if7
.if8
get 0
push 0
cmpeq
jumpf if9
push 48
send
jump if10
.if9
prep printsub
get 0
call 1
drop
.if10
.malloc
resn 1
push 0
read
dup
set 1
drop
push 0
push 0
read
get 0
add
write
push 0
drop
get 1
ret
.main
resn 2
push 5
dup
set 0
drop
push 3
dup
set 1
drop
get 0
get 1
mul
dbg
push 0
ret
.start
prep main
call 0
halt
