.puissance
resn 1
push 1
dup
set 2
drop
.loop1
get 1
push 0
cmpne
jumpf if3
get 2
get 0
mul
dup
set 2
drop
get 1
push 1
sub
dup
set 1
drop
jump if4
.if3
jump loop2
.if4
jump loop1
.loop2
push 1
ret
.free
resn 0
push 0
ret
.printsub
resn 2
get 0
push 0
cmpeq
jumpf if5
push 0
ret
jump if6
.if5
.if6
get 0
push 10
div
dup
set 1
drop
get 0
push 10
mod
dup
set 2
drop
prep printsub
get 1
call 1
drop
get 2
push 48
add
send
.print
resn 0
get 0
push 0
cmplt
jumpf if7
push 45
send
push 0
get 0
sub
dup
set 0
drop
jump if8
.if7
.if8
get 0
push 0
cmpeq
jumpf if9
push 48
send
jump if10
.if9
prep printsub
get 0
call 1
drop
.if10
.malloc
resn 1
push 0
read
dup
set 1
drop
push 0
push 0
read
get 0
add
write
push 0
drop
get 1
ret
.main
resn 2
push 5
dup
set 0
drop
push 3
dup
set 1
drop
get 0
get 1
mul
dbg
push 0
ret
.start
prep main
call 0
halt
.puissance
resn 1
push 1
dup
set 2
drop
.loop11
get 1
push 0
cmpne
jumpf if13
get 2
get 0
mul
dup
set 2
drop
get 1
push 1
sub
dup
set 1
drop
jump if14
.if13
jump loop12
.if14
jump loop11
.loop12
push 1
ret
.free
resn 0
push 0
ret
.printsub
resn 2
get 0
push 0
cmpeq
jumpf if15
push 0
ret
jump if16
.if15
.if16
get 0
push 10
div
dup
set 1
drop
get 0
push 10
mod
dup
set 2
drop
prep printsub
get 1
call 1
drop
get 2
push 48
add
send
.print
resn 0
get 0
push 0
cmplt
jumpf if17
push 45
send
push 0
get 0
sub
dup
set 0
drop
jump if18
.if17
.if18
get 0
push 0
cmpeq
jumpf if19
push 48
send
jump if20
.if19
prep printsub
get 0
call 1
drop
.if20
.malloc
resn 1
push 0
read
dup
set 1
drop
push 0
push 0
read
get 0
add
write
push 0
drop
get 1
ret
.main
resn 2
push 5
dup
set 0
drop
push 3
dup
set 1
drop
get 0
get 1
add
dbg
push 0
ret
.start
prep main
call 0
halt
.puissance
resn 1
push 1
dup
set 2
drop
.loop21
get 1
push 0
cmpne
jumpf if23
get 2
get 0
mul
dup
set 2
drop
get 1
push 1
sub
dup
set 1
drop
jump if24
.if23
jump loop22
.if24
jump loop21
.loop22
push 1
ret
.free
resn 0
push 0
ret
.printsub
resn 2
get 0
push 0
cmpeq
jumpf if25
push 0
ret
jump if26
.if25
.if26
get 0
push 10
div
dup
set 1
drop
get 0
push 10
mod
dup
set 2
drop
prep printsub
get 1
call 1
drop
get 2
push 48
add
send
.print
resn 0
get 0
push 0
cmplt
jumpf if27
push 45
send
push 0
get 0
sub
dup
set 0
drop
jump if28
.if27
.if28
get 0
push 0
cmpeq
jumpf if29
push 48
send
jump if30
.if29
prep printsub
get 0
call 1
drop
.if30
.malloc
resn 1
push 0
read
dup
set 1
drop
push 0
push 0
read
get 0
add
write
push 0
drop
get 1
ret
.main
resn 2
push 5
dup
set 0
drop
push 6
dup
set 1
drop
get 0
get 1
sub
dbg
push 0
ret
.start
prep main
call 0
halt
